# Hashes of file build rules.
84f3c3908c0c977fd45947e728ecf429 CMakeFiles/building_control_cpp_pkg_bringup_uninstall
