# Hashes of file build rules.
f3b5e679c8253f2c76f15c35c35d53c5 CMakeFiles/ament_cmake_python_build_building_control_cpp_pkg_interfaces_egg
7a96f8fd2c9bc773d523cc62e18fdeb5 CMakeFiles/ament_cmake_python_copy_building_control_cpp_pkg_interfaces
5c0030a2c4e06727f02ce65dc5c10310 CMakeFiles/building_control_cpp_pkg_interfaces
5c0030a2c4e06727f02ce65dc5c10310 CMakeFiles/building_control_cpp_pkg_interfaces__cpp
bff0264431650464e41897e0779ce4ad CMakeFiles/building_control_cpp_pkg_interfaces_uninstall
b1c2618b6044099b101479496373fac2 building_control_cpp_pkg_interfaces__py/CMakeFiles/building_control_cpp_pkg_interfaces__py
19bf5239d9de8017f67360be67453315 rosidl_generator_c/building_control_cpp_pkg_interfaces/msg/float32.h
d780b3298496bf8b800fcdbf50f5950b rosidl_generator_cpp/building_control_cpp_pkg_interfaces/msg/float32.hpp
92184e5b1b49acd2746aa544f5255210 rosidl_generator_py/building_control_cpp_pkg_interfaces/_building_control_cpp_pkg_interfaces_s.ep.rosidl_typesupport_fastrtps_c.c
790e18a52149df75687ff5424b610b9b rosidl_typesupport_c/building_control_cpp_pkg_interfaces/msg/float32__type_support.cpp
eebbbddbb8318ff91b3cabf953271033 rosidl_typesupport_cpp/building_control_cpp_pkg_interfaces/msg/float32__type_support.cpp
e184fc4a2dd46e935f0b023c8b2f8242 rosidl_typesupport_fastrtps_c/building_control_cpp_pkg_interfaces/msg/detail/float32__rosidl_typesupport_fastrtps_c.h
2478549e93e54242657691f7167633f4 rosidl_typesupport_fastrtps_cpp/building_control_cpp_pkg_interfaces/msg/detail/dds_fastrtps/float32__type_support.cpp
a04e5e59368ee17c6800bd56f4182686 rosidl_typesupport_introspection_c/building_control_cpp_pkg_interfaces/msg/detail/float32__rosidl_typesupport_introspection_c.h
19d0bcf8dc5aef6b86f189ff2a73e4be rosidl_typesupport_introspection_cpp/building_control_cpp_pkg_interfaces/msg/detail/float32__rosidl_typesupport_introspection_cpp.hpp
