/usr/bin/c++ -fPIC -shared -Wl,-soname,libbuilding_control_cpp_pkg_interfaces__rosidl_typesupport_fastrtps_cpp.so -o libbuilding_control_cpp_pkg_interfaces__rosidl_typesupport_fastrtps_cpp.so CMakeFiles/building_control_cpp_pkg_interfaces__rosidl_typesupport_fastrtps_cpp.dir/rosidl_typesupport_fastrtps_cpp/building_control_cpp_pkg_interfaces/msg/detail/dds_fastrtps/float32__type_support.cpp.o CMakeFiles/building_control_cpp_pkg_interfaces__rosidl_typesupport_fastrtps_cpp.dir/rosidl_typesupport_fastrtps_cpp/building_control_cpp_pkg_interfaces/msg/detail/dds_fastrtps/temp_unit__type_support.cpp.o CMakeFiles/building_control_cpp_pkg_interfaces__rosidl_typesupport_fastrtps_cpp.dir/rosidl_typesupport_fastrtps_cpp/building_control_cpp_pkg_interfaces/msg/detail/dds_fastrtps/temperatureimpl__type_support.cpp.o CMakeFiles/building_control_cpp_pkg_interfaces__rosidl_typesupport_fastrtps_cpp.dir/rosidl_typesupport_fastrtps_cpp/building_control_cpp_pkg_interfaces/msg/detail/dds_fastrtps/set_pointimpl__type_support.cpp.o CMakeFiles/building_control_cpp_pkg_interfaces__rosidl_typesupport_fastrtps_cpp.dir/rosidl_typesupport_fastrtps_cpp/building_control_cpp_pkg_interfaces/msg/detail/dds_fastrtps/fan_ack__type_support.cpp.o CMakeFiles/building_control_cpp_pkg_interfaces__rosidl_typesupport_fastrtps_cpp.dir/rosidl_typesupport_fastrtps_cpp/building_control_cpp_pkg_interfaces/msg/detail/dds_fastrtps/fan_cmd__type_support.cpp.o CMakeFiles/building_control_cpp_pkg_interfaces__rosidl_typesupport_fastrtps_cpp.dir/rosidl_typesupport_fastrtps_cpp/building_control_cpp_pkg_interfaces/msg/detail/dds_fastrtps/empty__type_support.cpp.o  -Wl,-rpath,/opt/ros/humble/lib: /opt/ros/humble/lib/librosidl_typesupport_fastrtps_cpp.so /opt/ros/humble/lib/libfastcdr.so.1.0.24 /opt/ros/humble/lib/librmw.so /opt/ros/humble/lib/librosidl_runtime_c.so /opt/ros/humble/lib/librcutils.so -ldl 
