/usr/bin/cc -fPIC -shared -Wl,-soname,libbuilding_control_cpp_pkg_interfaces__rosidl_generator_py.so -o rosidl_generator_py/building_control_cpp_pkg_interfaces/libbuilding_control_cpp_pkg_interfaces__rosidl_generator_py.so CMakeFiles/building_control_cpp_pkg_interfaces__rosidl_generator_py.dir/rosidl_generator_py/building_control_cpp_pkg_interfaces/msg/_float32_s.c.o CMakeFiles/building_control_cpp_pkg_interfaces__rosidl_generator_py.dir/rosidl_generator_py/building_control_cpp_pkg_interfaces/msg/_temp_unit_s.c.o CMakeFiles/building_control_cpp_pkg_interfaces__rosidl_generator_py.dir/rosidl_generator_py/building_control_cpp_pkg_interfaces/msg/_temperatureimpl_s.c.o CMakeFiles/building_control_cpp_pkg_interfaces__rosidl_generator_py.dir/rosidl_generator_py/building_control_cpp_pkg_interfaces/msg/_set_pointimpl_s.c.o CMakeFiles/building_control_cpp_pkg_interfaces__rosidl_generator_py.dir/rosidl_generator_py/building_control_cpp_pkg_interfaces/msg/_fan_ack_s.c.o CMakeFiles/building_control_cpp_pkg_interfaces__rosidl_generator_py.dir/rosidl_generator_py/building_control_cpp_pkg_interfaces/msg/_fan_cmd_s.c.o CMakeFiles/building_control_cpp_pkg_interfaces__rosidl_generator_py.dir/rosidl_generator_py/building_control_cpp_pkg_interfaces/msg/_empty_s.c.o  -Wl,-rpath,/home/clint/Applications/Sireum/hamr/codegen/jvm/src/test/results/ros2/marker_test_building_control/results/lax/build/building_control_cpp_pkg_interfaces:/opt/ros/humble/lib: /usr/lib/x86_64-linux-gnu/libpython3.10.so libbuilding_control_cpp_pkg_interfaces__rosidl_typesupport_c.so libbuilding_control_cpp_pkg_interfaces__rosidl_generator_c.so /opt/ros/humble/lib/librosidl_runtime_c.so /opt/ros/humble/lib/librcutils.so -ldl -Wl,-rpath-link,/opt/ros/humble/lib 
