# Hashes of file build rules.
9697cce52953266a3577b74c79837125 CMakeFiles/building_control_cpp_pkg_bringup_uninstall
