{
  "type" : "TestResult",
  "map" : {
    "type" : "Map",
    "entries" : [
      [
        "microkit\/components\/sender_impl_testsubprogram_source_inst\/sender_impl_testsubprogram_source_inst.camkes",
        {
          "type" : "ITestResource",
          "content" : "import \"..\/..\/interfaces\/operations_interface.idl4\";\ncomponent sender_impl_testsubprogram_source_inst {\n  include <sb_types.h>;\n  control;\n  uses operations_interface operations;\n  has semaphore sb_dispatch_sem;\n}\n",
          "markers" : [
          ],
          "invertMarkers" : false,
          "overwrite" : true,
          "makeExecutable" : false,
          "makeCRLF" : false,
          "isDatatype" : false
        }
      ],
      [
        "microkit\/components\/receiver_impl_testsubprogram_destination_inst\/receiver_impl_testsubprogram_destination_inst.camkes",
        {
          "type" : "ITestResource",
          "content" : "import \"..\/..\/interfaces\/operations_interface.idl4\";\ncomponent receiver_impl_testsubprogram_destination_inst {\n  include <sb_types.h>;\n  control;\n  provides operations_interface operations;\n  has semaphore sb_dispatch_sem;\n}\n",
          "markers" : [
          ],
          "invertMarkers" : false,
          "overwrite" : true,
          "makeExecutable" : false,
          "makeCRLF" : false,
          "isDatatype" : false
        }
      ],
      [
        "microkit\/top_impl_Instance.camkes",
        {
          "type" : "ITestResource",
          "content" : "\/\/ Do not edit this file as it will be overwritten if HAMR codegen is rerun\n\nimport <std_connector.camkes>;\nimport \"components\/sender_impl_testsubprogram_source_inst\/sender_impl_testsubprogram_source_inst.camkes\";\nimport \"components\/receiver_impl_testsubprogram_destination_inst\/receiver_impl_testsubprogram_destination_inst.camkes\";\n\nassembly {\n  composition {\n    component sender_impl_testsubprogram_source_inst testsubprogram_source_inst;\n    component receiver_impl_testsubprogram_destination_inst testsubprogram_destination_inst;\n\n    connection seL4RPCCall conn1(from testsubprogram_source_inst.operations, to testsubprogram_destination_inst.operations);\n  }\n\n}\n",
          "markers" : [
          ],
          "invertMarkers" : false,
          "overwrite" : true,
          "makeExecutable" : false,
          "makeCRLF" : false,
          "isDatatype" : false
        }
      ],
      [
        "microkit\/interfaces\/add_uint32.idl4",
        {
          "type" : "ITestResource",
          "content" : "procedure add_uint32 {\n  void sub1(in Unsigned_32 A,in Unsigned_32 B,out Unsigned_32 result);\n};",
          "markers" : [
          ],
          "invertMarkers" : false,
          "overwrite" : true,
          "makeExecutable" : false,
          "makeCRLF" : false,
          "isDatatype" : false
        }
      ],
      [
        "microkit\/interfaces\/subtract_uint32.idl4",
        {
          "type" : "ITestResource",
          "content" : "procedure subtract_uint32 {\n  void sub2(in Unsigned_32 A,in Unsigned_32 B,out Unsigned_32 result);\n};",
          "markers" : [
          ],
          "invertMarkers" : false,
          "overwrite" : true,
          "makeExecutable" : false,
          "makeCRLF" : false,
          "isDatatype" : false
        }
      ],
      [
        "microkit\/interfaces\/operations_interface.idl4",
        {
          "type" : "ITestResource",
          "content" : "procedure operations_interface {\n  void add(in uint32_t A,in uint32_t B,out uint32_t result);\n  void subtract(in uint32_t A,in uint32_t B,out uint32_t result);\n};",
          "markers" : [
          ],
          "invertMarkers" : false,
          "overwrite" : true,
          "makeExecutable" : false,
          "makeCRLF" : false,
          "isDatatype" : false
        }
      ],
      [
        "microkit\/components\/sender_impl_testsubprogram_source_inst\/src\/sender.c",
        {
          "type" : "ITestResource",
          "content" : "\/* testsubprogram\/components\/sender\/src\/sender *\/\n\n#include <camkes.h>\n#include <sb_types.h>\n#include \"..\/includes\/sb_sender_impl.h\"\n\nvoid sender_init(const int64_t *arg){\n   printf(\"Initializer method for sender invoked\\n\");\n}\n\nvoid run_sender(int64_t * arg) {\n   uint32_t result;\n\n   operations_add(10, 5, &result);\n   printf(\"Result of 'add' call to receiver with arguments 10, 5 : (%d) \\n\", result);\n\n   operations_subtract(10, 5, &result);  \n   printf(\"Result of 'subtract' call to receiver with arguments 10, 5 : (%d) \\n\", result);\n}\n",
          "markers" : [
          ],
          "invertMarkers" : false,
          "overwrite" : true,
          "makeExecutable" : false,
          "makeCRLF" : false,
          "isDatatype" : false
        }
      ],
      [
        "microkit\/components\/receiver_impl_testsubprogram_destination_inst\/src\/receiver.c",
        {
          "type" : "ITestResource",
          "content" : "\/* testsubprogram\/components\/receiver\/src\/receiver *\/\n\n#include <camkes.h>\n#include <sb_types.h>\n#include \"..\/includes\/sb_receiver_impl.h\"\n\nvoid operations_add(uint32_t A, uint32_t B, uint32_t *result) {\n\t*result = A + B;\n}\n\nvoid operations_subtract(uint32_t A, uint32_t B, uint32_t *result) {\n\t*result = A - B;\n}\n",
          "markers" : [
          ],
          "invertMarkers" : false,
          "overwrite" : true,
          "makeExecutable" : false,
          "makeCRLF" : false,
          "isDatatype" : false
        }
      ],
      [
        "microkit\/CMakeLists.txt",
        {
          "type" : "ITestResource",
          "content" : "# Do not edit this file as it will be overwritten if HAMR codegen is rerun\n\ncmake_minimum_required(VERSION 3.8.2)\n\nproject (top_impl_Instance C)\n\nadd_definitions(-DCAMKES)\n\nif (\"${CMAKE_CXX_COMPILER_ID}\" MATCHES \"(C|c?)lang\")\n  add_compile_options(\"$<$<CONFIG:Release>:-Oz>\")\nelseif (\"${CMAKE_CXX_COMPILER_ID}\" STREQUAL \"GNU\")\n  add_compile_options(-fstack-usage)\n  add_compile_options(\"$<$<CONFIG:Release>:-Os>\")\nendif()\n\nadd_subdirectory(${CMAKE_CURRENT_LIST_DIR}\/types)\n\nDeclareCAmkESComponent(sender_impl_testsubprogram_source_inst\n  SOURCES components\/sender_impl_testsubprogram_source_inst\/\/src\/sender.c components\/sender_impl_testsubprogram_source_inst\/src\/sb_sender_impl.c\n  INCLUDES components\/sender_impl_testsubprogram_source_inst\/includes\/ types\/includes\n)\n\nDeclareCAmkESComponent(receiver_impl_testsubprogram_destination_inst\n  SOURCES components\/receiver_impl_testsubprogram_destination_inst\/\/src\/receiver.c components\/receiver_impl_testsubprogram_destination_inst\/src\/sb_receiver_impl.c\n  INCLUDES components\/receiver_impl_testsubprogram_destination_inst\/includes\/ types\/includes\n)\n\nDeclareCAmkESRootserver(top_impl_Instance.camkes)\n",
          "markers" : [
          ],
          "invertMarkers" : false,
          "overwrite" : true,
          "makeExecutable" : false,
          "makeCRLF" : false,
          "isDatatype" : false
        }
      ],
      [
        "microkit\/bin\/run-camkes.sh",
        {
          "type" : "ITestResource",
          "content" : "#!\/usr\/bin\/env bash\n\nset -o errexit -o pipefail -o nounset\n\nexport SCRIPT_HOME=$( cd \"$( dirname \"$0\" )\" &> \/dev\/null && pwd )\nexport PROJECT_HOME=$( cd \"$( dirname \"$0\" )\/..\" &> \/dev\/null && pwd )\ncd ${PROJECT_HOME}\n\n! getopt --test > \/dev\/null\nif [[ ${PIPESTATUS[0]} -ne 4 ]]; then\n  echo '`getopt --test` failed in this environment.'\n  exit 1\nfi\n\nNON_INTERACTIVE=false\nCAMKES_DIR=\"\"\nSIMULATE=false\nCAMKES_OPTIONS=\"\"\n\nOPTIONS=c:no:sh\nLONGOPTS=camkes-dir:,non-interactive,camkes-options:,simulate,help\n\nfunction usage {\n  echo \"\"\n  echo \"Usage: <option>*\"\n  echo \"\"\n  echo \"Available Options:\"\n  echo \"-c, --camkes-dir       Location of CAmkES project\"\n  echo \"-n, --non-interactive  Non-interactive mode.  Symlink in apps directory will be replaced\"\n  echo \"                         if present\"\n  echo \"-o, --camkes-options   CAmkES options (e.g -o \\\"-DWITH_LOC=ON -DCapDLLoaderMaxObjects=40000\\\")\"\n  echo \"-s, --simulate         Simulate via QEMU\"\n  echo \"-h, --help             Display this information\"\n}\n\n! PARSED=$(getopt --options=$OPTIONS --longoptions=$LONGOPTS --name \"$0\" -- \"$@\")\nif [[ ${PIPESTATUS[0]} -ne 0 ]]; then\n    usage\n    exit 2\nfi\n\neval set -- \"$PARSED\"\n\nwhile true; do\n  case \"$1\" in\n    -c|--camkes-dir) CAMKES_DIR=\"$2\"; shift 2 ;;\n    -n|--non-interactive) NON_INTERACTIVE=true; shift ;;\n    -o|--camkes-options) CAMKES_OPTIONS=\"$2\"; shift 2 ;;\n    -s|--simulate) SIMULATE=true; shift ;;\n    -h|--help) usage; exit 0 ;;\n    --) shift; break ;;\n  esac\ndone\n\n# handle non-option arguments\nif [[ $# -ne 0 ]]; then\n  echo \"$0: Unexpected non-option arguments\"\n  usage\n  exit 3\nfi\n\n# if CAMKES_DIR option not set then look in some common locations\nif [[ -z \"${CAMKES_DIR}\" && -d \"\/host\/camkes-project\" ]]; then\n  # docker location\n  CAMKES_DIR=\"\/host\/camkes-project\"\nelif [[ -z \"$CAMKES_DIR\" && -d \"${HOME}\/CASE\/camkes\" ]]; then\n  # CASE Vagrant VM location\n  CAMKES_DIR=\"${HOME}\/CASE\/camkes\"\nfi\n\nif [[ -z \"${CAMKES_DIR}\" || ! -d \"${CAMKES_DIR}\" ]]; then\n  echo \"Directory '${CAMKES_DIR}' does not exist.  Please specify the location of your camkes project directory.\"\n  echo \"See https:\/\/docs.sel4.systems\/projects\/camkes\"\n  exit -1\nfi\n\n\n# use the directory name for the CAmkES apps directory name\nHAMR_CAMKES_PROJ=${PWD##*\/}\n\n\nCAMKES_APPS_DIR=${CAMKES_DIR}\/projects\/camkes\/apps\/$HAMR_CAMKES_PROJ\n\n# create a sym-link to the project in the CAmkES app directory\nif [ -e \"${CAMKES_APPS_DIR}\" ]; then\n  if [ \"${NON_INTERACTIVE}\" = true ]; then\n    rm -rf ${CAMKES_APPS_DIR}\n  else\n    read -p \"The following app directory already exists, replace ${CAMKES_APPS_DIR} [Y|y]? \" -n 1 -r; echo\n    if [[ $REPLY =~ ^[Yy]$ ]]; then\n      rm -rf ${CAMKES_APPS_DIR}\n    else\n      exit -1\n    fi\n  fi\nfi\n\nln -svf $PROJECT_HOME $CAMKES_APPS_DIR\n\n########################\n# run CAmkES\/seL4 build\n########################\n\nBUILD_DIR=${CAMKES_DIR}\/build_$HAMR_CAMKES_PROJ\n\nif [ -e \"${BUILD_DIR}\" ]; then\n  if [ \"${NON_INTERACTIVE}\" = true ];then\n    rm -rf ${BUILD_DIR}\n    mkdir ${BUILD_DIR}\n  else\n    read -p \"The following build directory already exists, replace ${BUILD_DIR} [Y|y]? \" -n 1 -r; echo\n    if [[ $REPLY =~ ^[Yy]$ ]]; then\n      rm -rf ${BUILD_DIR}\n      mkdir ${BUILD_DIR}\n    fi\n  fi\nelse\n  mkdir ${BUILD_DIR}\nfi\n\ncd ${BUILD_DIR}\n\n..\/init-build.sh ${CAMKES_OPTIONS} -DCAMKES_APP=$HAMR_CAMKES_PROJ\n\nninja\n\n########################\n# simulate via QEMU\n########################\n\ncat >${BUILD_DIR}\/sim << EOL\n#!\/usr\/bin\/env bash\n\nexport SCRIPT_HOME=\\$( cd \"\\$( dirname \"\\$0\" )\" &> \/dev\/null && pwd )\ncd \\${SCRIPT_HOME}\n\n# console output from simulation disappears when QEMU shuts down when run from\n# the CAmkES generated .\/simulate script. Instead call QEMU directly using the\n# default values .\/simulate would pass\n\nqemu-system-x86_64 \\\\\n    -cpu Nehalem,-vme,+pdpe1gb,-xsave,-xsaveopt,-xsavec,-fsgsbase,-invpcid,enforce \\\\\n    -nographic \\\\\n    -serial mon:stdio \\\\\n    -m size=512M \\\\\n    -kernel images\/kernel-x86_64-pc99 \\\\\n    -initrd images\/capdl-loader-image-x86_64-pc99\nEOL\n\nchmod 700 ${BUILD_DIR}\/sim\necho \"Wrote: ${BUILD_DIR}\/sim\"\n\nif [ \"${SIMULATE}\" = true ]; then\n  # ${BUILD_DIR}\/simulate\n  ${BUILD_DIR}\/sim\nfi\n",
          "markers" : [
          ],
          "invertMarkers" : false,
          "overwrite" : true,
          "makeExecutable" : true,
          "makeCRLF" : false,
          "isDatatype" : false
        }
      ],
      [
        "microkit\/components\/sender_impl_testsubprogram_source_inst\/src\/sb_sender_impl.c",
        {
          "type" : "ITestResource",
          "content" : "\/\/ Do not edit this file as it will be overwritten if HAMR codegen is rerun\n\n#include <sb_sender_impl.h>\n#include <string.h>\n#include <camkes.h>\n\n\/************************************************************************\n *  sb_entrypoint_sender_impl_testsubprogram_source_inst_initializer:\n *\n * This is the function invoked by an active thread dispatcher to\n * call to a user-defined entrypoint function.  It sets up the dispatch\n * context for the user-defined entrypoint, then calls it.\n *\n ************************************************************************\/\nvoid sb_entrypoint_sender_impl_testsubprogram_source_inst_initializer(const int64_t * in_arg) {\n  sender_init((int64_t *) in_arg);\n}\n\n\/************************************************************************\n * int run(void)\n * Main active thread function.\n ************************************************************************\/\nint run(void) {\n  {\n    int64_t sb_dummy;\n    sb_entrypoint_sender_impl_testsubprogram_source_inst_initializer(&sb_dummy);\n  }\n  MUTEXOP(sb_dispatch_sem_wait())\n  for(;;) {\n    MUTEXOP(sb_dispatch_sem_wait())\n  }\n  return 0;\n}\n",
          "markers" : [
          ],
          "invertMarkers" : false,
          "overwrite" : true,
          "makeExecutable" : false,
          "makeCRLF" : false,
          "isDatatype" : false
        }
      ],
      [
        "microkit\/components\/sender_impl_testsubprogram_source_inst\/includes\/sb_sender_impl.h",
        {
          "type" : "ITestResource",
          "content" : "\/\/ Do not edit this file as it will be overwritten if HAMR codegen is rerun\n\n#ifndef SB_SENDER_IMPL_H\n#define SB_SENDER_IMPL_H\n\n#include <sb_types.h>\n\nvoid sender_init(const int64_t *arg);\n\n#endif \/\/ SB_SENDER_IMPL_H\n",
          "markers" : [
          ],
          "invertMarkers" : false,
          "overwrite" : true,
          "makeExecutable" : false,
          "makeCRLF" : false,
          "isDatatype" : false
        }
      ],
      [
        "microkit\/components\/receiver_impl_testsubprogram_destination_inst\/src\/sb_receiver_impl.c",
        {
          "type" : "ITestResource",
          "content" : "\/\/ Do not edit this file as it will be overwritten if HAMR codegen is rerun\n\n#include <sb_receiver_impl.h>\n#include <string.h>\n#include <camkes.h>\n\n\n\/************************************************************************\n * int run(void)\n * Main active thread function.\n ************************************************************************\/\nint run(void) {\n  MUTEXOP(sb_dispatch_sem_wait())\n  for(;;) {\n    MUTEXOP(sb_dispatch_sem_wait())\n  }\n  return 0;\n}\n",
          "markers" : [
          ],
          "invertMarkers" : false,
          "overwrite" : true,
          "makeExecutable" : false,
          "makeCRLF" : false,
          "isDatatype" : false
        }
      ],
      [
        "microkit\/components\/receiver_impl_testsubprogram_destination_inst\/includes\/sb_receiver_impl.h",
        {
          "type" : "ITestResource",
          "content" : "\/\/ Do not edit this file as it will be overwritten if HAMR codegen is rerun\n\n#ifndef SB_RECEIVER_IMPL_H\n#define SB_RECEIVER_IMPL_H\n\n#include <sb_types.h>\n\n\n#endif \/\/ SB_RECEIVER_IMPL_H\n",
          "markers" : [
          ],
          "invertMarkers" : false,
          "overwrite" : true,
          "makeExecutable" : false,
          "makeCRLF" : false,
          "isDatatype" : false
        }
      ],
      [
        "microkit\/types\/includes\/sb_types.h",
        {
          "type" : "ITestResource",
          "content" : "#ifndef SB_TYPES_H\n#define SB_TYPES_H\n\n#include <stdio.h>\n#include <stdbool.h>\n#include <stdint.h>\n\n#ifndef SB_VERIFY\n#include <stddef.h>\n#endif \/\/ SB_VERIFY\n\n#define __SB_OS_CAMKES__\n\n#ifndef SB_VERIFY\n#define MUTEXOP(OP)\\\nif((OP) != 0) {\\\n  fprintf(stderr,\"Operation \" #OP \" failed in %s at %d.\\n\",__FILE__,__LINE__);\\\n  *((int*)0)=0xdeadbeef;\\\n}\n#else\n#define MUTEXOP(OP) OP\n#endif \/\/ SB_VERIFY\n#ifndef SB_VERIFY\n#define CALLBACKOP(OP)\\\nif((OP) != 0) {\\\n  fprintf(stderr,\"Operation \" #OP \" failed in %s at %d.\\n\",__FILE__,__LINE__);\\\n  *((int*)0)=0xdeadbeef;\\\n}\n#else\n#define CALLBACKOP(OP) OP\n#endif \/\/ SB_VERIFY\n\n\n#endif \/\/ SB_TYPES_H\n",
          "markers" : [
          ],
          "invertMarkers" : false,
          "overwrite" : true,
          "makeExecutable" : false,
          "makeCRLF" : false,
          "isDatatype" : false
        }
      ],
      [
        "microkit\/settings.cmake",
        {
          "type" : "ITestResource",
          "content" : "# This file will not be overwritten so is safe to edit\n\ncmake_minimum_required(VERSION 3.8.2)\n\n",
          "markers" : [
          ],
          "invertMarkers" : false,
          "overwrite" : false,
          "makeExecutable" : false,
          "makeCRLF" : false,
          "isDatatype" : false
        }
      ],
      [
        "microkit\/types\/CMakeLists.txt",
        {
          "type" : "ITestResource",
          "content" : "# Do not edit this file as it will be overwritten if HAMR codegen is rerun\n\ncmake_minimum_required(VERSION 3.8.2)\n\nproject(SB_Type_Library)\n\nset(CMAKE_C_STANDARD 99)\n\nadd_compile_options(-Werror)\n\nif (\"${CMAKE_CXX_COMPILER_ID}\" MATCHES \"(C|c?)lang\")\n  add_compile_options(\"$<$<CONFIG:Release>:-Oz>\")\nelseif (\"${CMAKE_CXX_COMPILER_ID}\" STREQUAL \"GNU\")\n  add_compile_options(-fstack-usage)\n  add_compile_options(\"$<$<CONFIG:Release>:-Os>\")\nendif()\n\nadd_library(SB_Type_Library\n            INTERFACE\n            )\n\n# Assume that if the muslc target exists then this project is in an seL4 native\n# component build environment, otherwise it is in a linux userlevel environment.\n# In the linux userlevel environment, the C library will be linked automatically.\nif(TARGET muslc)\n  target_link_libraries(SB_Type_Library\n                        INTERFACE\n                        muslc)\nendif()\n\nadd_definitions(-DCAMKES)\n\nif(TARGET SlangTypeLibrary)\n  target_link_libraries(SB_Type_Library\n                        INTERFACE\n                        SlangTypeLibrary)\nendif()\n\ntarget_include_directories(SB_Type_Library\n                           INTERFACE\n                           includes)\n",
          "markers" : [
          ],
          "invertMarkers" : false,
          "overwrite" : true,
          "makeExecutable" : false,
          "makeCRLF" : false,
          "isDatatype" : false
        }
      ]
    ]
  }
}