<launch>

    <node pkg="isolette_cpp_pkg" exec="temperature_sensor_cpi_thermostat_exe">
    </node>

</launch>
