# Hashes of file build rules.
4a83a943110d3afe021173a4a0f8b41d CMakeFiles/ament_cmake_python_build_building_control_cpp_pkg_interfaces_egg
fdb9dc6fddd8eec9f2917f08b44eab52 CMakeFiles/ament_cmake_python_copy_building_control_cpp_pkg_interfaces
0e2645d6b76eeac728851ed1267a8dd4 CMakeFiles/building_control_cpp_pkg_interfaces
0e2645d6b76eeac728851ed1267a8dd4 CMakeFiles/building_control_cpp_pkg_interfaces__cpp
2cff8a2ca079ee8e03c6d0b6345c5e60 CMakeFiles/building_control_cpp_pkg_interfaces_uninstall
f5eba5ffcf4e19dcf7f827a38adad929 building_control_cpp_pkg_interfaces__py/CMakeFiles/building_control_cpp_pkg_interfaces__py
652ae0ff2e465753469993cac357011e rosidl_generator_c/building_control_cpp_pkg_interfaces/msg/float32.h
4127318d734d6652a4d72e59fd05b058 rosidl_generator_cpp/building_control_cpp_pkg_interfaces/msg/float32.hpp
57e5aba659b432a591231b6fe6b632d2 rosidl_generator_py/building_control_cpp_pkg_interfaces/_building_control_cpp_pkg_interfaces_s.ep.rosidl_typesupport_fastrtps_c.c
1f3acc1d915dbc0fc1f15cd7826d39cc rosidl_typesupport_c/building_control_cpp_pkg_interfaces/msg/float32__type_support.cpp
ea6b9681a83af626f9eccf0ae1f669b8 rosidl_typesupport_cpp/building_control_cpp_pkg_interfaces/msg/float32__type_support.cpp
61b330526852915a9c6f9af2d8bf9f5d rosidl_typesupport_fastrtps_c/building_control_cpp_pkg_interfaces/msg/detail/float32__rosidl_typesupport_fastrtps_c.h
8c0c69d243519bd60eb1cfc673c7a703 rosidl_typesupport_fastrtps_cpp/building_control_cpp_pkg_interfaces/msg/detail/dds_fastrtps/float32__type_support.cpp
faa18978b0578870d6dcb9665bebc947 rosidl_typesupport_introspection_c/building_control_cpp_pkg_interfaces/msg/detail/float32__rosidl_typesupport_introspection_c.h
4919f9470e46991671fa29d6ab7dad17 rosidl_typesupport_introspection_cpp/building_control_cpp_pkg_interfaces/msg/detail/float32__rosidl_typesupport_introspection_cpp.hpp
