/usr/bin/cc -fPIC -shared -Wl,-soname,libbuilding_control_cpp_pkg_interfaces__rosidl_generator_c.so -o libbuilding_control_cpp_pkg_interfaces__rosidl_generator_c.so CMakeFiles/building_control_cpp_pkg_interfaces__rosidl_generator_c.dir/rosidl_generator_c/building_control_cpp_pkg_interfaces/msg/detail/float32__functions.c.o CMakeFiles/building_control_cpp_pkg_interfaces__rosidl_generator_c.dir/rosidl_generator_c/building_control_cpp_pkg_interfaces/msg/detail/temp_unit__functions.c.o CMakeFiles/building_control_cpp_pkg_interfaces__rosidl_generator_c.dir/rosidl_generator_c/building_control_cpp_pkg_interfaces/msg/detail/temperatureimpl__functions.c.o CMakeFiles/building_control_cpp_pkg_interfaces__rosidl_generator_c.dir/rosidl_generator_c/building_control_cpp_pkg_interfaces/msg/detail/set_pointimpl__functions.c.o CMakeFiles/building_control_cpp_pkg_interfaces__rosidl_generator_c.dir/rosidl_generator_c/building_control_cpp_pkg_interfaces/msg/detail/fan_ack__functions.c.o CMakeFiles/building_control_cpp_pkg_interfaces__rosidl_generator_c.dir/rosidl_generator_c/building_control_cpp_pkg_interfaces/msg/detail/fan_cmd__functions.c.o CMakeFiles/building_control_cpp_pkg_interfaces__rosidl_generator_c.dir/rosidl_generator_c/building_control_cpp_pkg_interfaces/msg/detail/empty__functions.c.o  -Wl,-rpath,/opt/ros/humble/lib: /opt/ros/humble/lib/librosidl_runtime_c.so /opt/ros/humble/lib/librcutils.so -ldl 
