/usr/bin/c++ -fPIC -shared -Wl,-soname,libbuilding_control_cpp_pkg_interfaces__rosidl_typesupport_cpp.so -o libbuilding_control_cpp_pkg_interfaces__rosidl_typesupport_cpp.so CMakeFiles/building_control_cpp_pkg_interfaces__rosidl_typesupport_cpp.dir/rosidl_typesupport_cpp/building_control_cpp_pkg_interfaces/msg/float32__type_support.cpp.o CMakeFiles/building_control_cpp_pkg_interfaces__rosidl_typesupport_cpp.dir/rosidl_typesupport_cpp/building_control_cpp_pkg_interfaces/msg/temp_unit__type_support.cpp.o CMakeFiles/building_control_cpp_pkg_interfaces__rosidl_typesupport_cpp.dir/rosidl_typesupport_cpp/building_control_cpp_pkg_interfaces/msg/temperatureimpl__type_support.cpp.o CMakeFiles/building_control_cpp_pkg_interfaces__rosidl_typesupport_cpp.dir/rosidl_typesupport_cpp/building_control_cpp_pkg_interfaces/msg/set_pointimpl__type_support.cpp.o CMakeFiles/building_control_cpp_pkg_interfaces__rosidl_typesupport_cpp.dir/rosidl_typesupport_cpp/building_control_cpp_pkg_interfaces/msg/fan_ack__type_support.cpp.o CMakeFiles/building_control_cpp_pkg_interfaces__rosidl_typesupport_cpp.dir/rosidl_typesupport_cpp/building_control_cpp_pkg_interfaces/msg/fan_cmd__type_support.cpp.o CMakeFiles/building_control_cpp_pkg_interfaces__rosidl_typesupport_cpp.dir/rosidl_typesupport_cpp/building_control_cpp_pkg_interfaces/msg/empty__type_support.cpp.o  -Wl,-rpath,/opt/ros/humble/lib: /opt/ros/humble/lib/librosidl_typesupport_cpp.so /opt/ros/humble/lib/librosidl_typesupport_c.so /opt/ros/humble/lib/librosidl_runtime_c.so /opt/ros/humble/lib/librcutils.so -ldl -Wl,-rpath-link,/opt/ros/humble/lib 
