# Hashes of file build rules.
4aabdd407a6e3bc15f279157bb72a136 CMakeFiles/building_control_cpp_pkg_uninstall
