/home/clint/Applications/Sireum/hamr/codegen/jvm/src/test/results/ros2/marker_test_building_control/results/lax/build/building_control_cpp_pkg/CMakeFiles/uninstall.dir
/home/clint/Applications/Sireum/hamr/codegen/jvm/src/test/results/ros2/marker_test_building_control/results/lax/build/building_control_cpp_pkg/CMakeFiles/building_control_cpp_pkg_uninstall.dir
/home/clint/Applications/Sireum/hamr/codegen/jvm/src/test/results/ros2/marker_test_building_control/results/lax/build/building_control_cpp_pkg/CMakeFiles/tcp_tempSensor_exe.dir
/home/clint/Applications/Sireum/hamr/codegen/jvm/src/test/results/ros2/marker_test_building_control/results/lax/build/building_control_cpp_pkg/CMakeFiles/tcp_tempControl_exe.dir
/home/clint/Applications/Sireum/hamr/codegen/jvm/src/test/results/ros2/marker_test_building_control/results/lax/build/building_control_cpp_pkg/CMakeFiles/tcp_fan_exe.dir
/home/clint/Applications/Sireum/hamr/codegen/jvm/src/test/results/ros2/marker_test_building_control/results/lax/build/building_control_cpp_pkg/CMakeFiles/test.dir
/home/clint/Applications/Sireum/hamr/codegen/jvm/src/test/results/ros2/marker_test_building_control/results/lax/build/building_control_cpp_pkg/CMakeFiles/edit_cache.dir
/home/clint/Applications/Sireum/hamr/codegen/jvm/src/test/results/ros2/marker_test_building_control/results/lax/build/building_control_cpp_pkg/CMakeFiles/rebuild_cache.dir
/home/clint/Applications/Sireum/hamr/codegen/jvm/src/test/results/ros2/marker_test_building_control/results/lax/build/building_control_cpp_pkg/CMakeFiles/list_install_components.dir
/home/clint/Applications/Sireum/hamr/codegen/jvm/src/test/results/ros2/marker_test_building_control/results/lax/build/building_control_cpp_pkg/CMakeFiles/install.dir
/home/clint/Applications/Sireum/hamr/codegen/jvm/src/test/results/ros2/marker_test_building_control/results/lax/build/building_control_cpp_pkg/CMakeFiles/install/local.dir
/home/clint/Applications/Sireum/hamr/codegen/jvm/src/test/results/ros2/marker_test_building_control/results/lax/build/building_control_cpp_pkg/CMakeFiles/install/strip.dir
