<launch>

    <node pkg="isolette_cpp_pkg" exec="operator_interface_oip_oit_exe">
    </node>

</launch>
