<launch>

    <node pkg="pca_system_cpp_pkg" exec="wrap_pca_imp_Instance_pump_safety_alarm_process_alarm_thr_exe">
    </node>


    <node pkg="pca_system_cpp_pkg" exec="wrap_pca_imp_Instance_pump_safety_alarm_process_flow_rate_exe">
    </node>


    <node pkg="pca_system_cpp_pkg" exec="wrap_pca_imp_Instance_pump_operation_operation_process_drug_library_exe">
    </node>


    <node pkg="pca_system_cpp_pkg" exec="wrap_pca_imp_Instance_pump_operation_operation_process_event_logger_exe">
    </node>


    <node pkg="pca_system_cpp_pkg" exec="wrap_pca_imp_Instance_pump_operation_operation_process_operation_threads_boss_exe">
    </node>


    <node pkg="pca_system_cpp_pkg" exec="wrap_pca_imp_Instance_pump_operation_operation_process_operation_threads_rate_controller_exe">
    </node>


    <node pkg="pca_system_cpp_pkg" exec="wrap_pca_imp_Instance_pump_operation_operation_process_operation_threads_prescription_checker_exe">
    </node>


    <node pkg="pca_system_cpp_pkg" exec="wrap_pca_imp_Instance_pump_operation_operation_process_operation_threads_ice_thread_exe">
    </node>


    <node pkg="pca_system_cpp_pkg" exec="wrap_pca_imp_Instance_pump_operation_operation_process_operation_threads_max_drug_watcher_exe">
    </node>


    <node pkg="pca_system_cpp_pkg" exec="wrap_pca_imp_Instance_pump_operation_operation_process_operation_threads_patient_bolus_checker_exe">
    </node>


    <node pkg="pca_system_cpp_pkg" exec="wrap_pca_imp_Instance_pump_operation_security_subsystem_security_process_security_thread_exe">
    </node>


    <node pkg="pca_system_cpp_pkg" exec="wrap_pca_imp_Instance_pump_operation_control_panel_ui_process_ui_thread_exe">
    </node>

</launch>
