/usr/bin/c++ -fPIC -shared -Wl,-soname,libbuilding_control_cpp_pkg_interfaces__rosidl_typesupport_introspection_cpp.so -o libbuilding_control_cpp_pkg_interfaces__rosidl_typesupport_introspection_cpp.so CMakeFiles/building_control_cpp_pkg_interfaces__rosidl_typesupport_introspection_cpp.dir/rosidl_typesupport_introspection_cpp/building_control_cpp_pkg_interfaces/msg/detail/float32__type_support.cpp.o CMakeFiles/building_control_cpp_pkg_interfaces__rosidl_typesupport_introspection_cpp.dir/rosidl_typesupport_introspection_cpp/building_control_cpp_pkg_interfaces/msg/detail/temp_unit__type_support.cpp.o CMakeFiles/building_control_cpp_pkg_interfaces__rosidl_typesupport_introspection_cpp.dir/rosidl_typesupport_introspection_cpp/building_control_cpp_pkg_interfaces/msg/detail/temperatureimpl__type_support.cpp.o CMakeFiles/building_control_cpp_pkg_interfaces__rosidl_typesupport_introspection_cpp.dir/rosidl_typesupport_introspection_cpp/building_control_cpp_pkg_interfaces/msg/detail/set_pointimpl__type_support.cpp.o CMakeFiles/building_control_cpp_pkg_interfaces__rosidl_typesupport_introspection_cpp.dir/rosidl_typesupport_introspection_cpp/building_control_cpp_pkg_interfaces/msg/detail/fan_ack__type_support.cpp.o CMakeFiles/building_control_cpp_pkg_interfaces__rosidl_typesupport_introspection_cpp.dir/rosidl_typesupport_introspection_cpp/building_control_cpp_pkg_interfaces/msg/detail/fan_cmd__type_support.cpp.o CMakeFiles/building_control_cpp_pkg_interfaces__rosidl_typesupport_introspection_cpp.dir/rosidl_typesupport_introspection_cpp/building_control_cpp_pkg_interfaces/msg/detail/empty__type_support.cpp.o  -Wl,-rpath,/opt/ros/humble/lib: /opt/ros/humble/lib/librosidl_typesupport_introspection_cpp.so /opt/ros/humble/lib/librosidl_runtime_c.so /opt/ros/humble/lib/librcutils.so -ldl /opt/ros/humble/lib/librosidl_typesupport_introspection_c.so 
