<launch>

    <node pkg="building_control_cpp_pkg" exec="tcp_tempSensor_exe">
    </node>


    <node pkg="building_control_cpp_pkg" exec="tcp_tempControl_exe">
    </node>


    <node pkg="building_control_cpp_pkg" exec="tcp_fan_exe">
    </node>

</launch>
