/usr/bin/c++ -fPIC -shared -Wl,-soname,libbuilding_control_cpp_pkg_interfaces__rosidl_typesupport_c.so -o libbuilding_control_cpp_pkg_interfaces__rosidl_typesupport_c.so CMakeFiles/building_control_cpp_pkg_interfaces__rosidl_typesupport_c.dir/rosidl_typesupport_c/building_control_cpp_pkg_interfaces/msg/float32__type_support.cpp.o CMakeFiles/building_control_cpp_pkg_interfaces__rosidl_typesupport_c.dir/rosidl_typesupport_c/building_control_cpp_pkg_interfaces/msg/temp_unit__type_support.cpp.o CMakeFiles/building_control_cpp_pkg_interfaces__rosidl_typesupport_c.dir/rosidl_typesupport_c/building_control_cpp_pkg_interfaces/msg/temperatureimpl__type_support.cpp.o CMakeFiles/building_control_cpp_pkg_interfaces__rosidl_typesupport_c.dir/rosidl_typesupport_c/building_control_cpp_pkg_interfaces/msg/set_pointimpl__type_support.cpp.o CMakeFiles/building_control_cpp_pkg_interfaces__rosidl_typesupport_c.dir/rosidl_typesupport_c/building_control_cpp_pkg_interfaces/msg/fan_ack__type_support.cpp.o CMakeFiles/building_control_cpp_pkg_interfaces__rosidl_typesupport_c.dir/rosidl_typesupport_c/building_control_cpp_pkg_interfaces/msg/fan_cmd__type_support.cpp.o CMakeFiles/building_control_cpp_pkg_interfaces__rosidl_typesupport_c.dir/rosidl_typesupport_c/building_control_cpp_pkg_interfaces/msg/empty__type_support.cpp.o  -Wl,-rpath,/home/clint/Applications/Sireum/hamr/codegen/jvm/src/test/results/ros2/marker_test_building_control/results/lax/build/building_control_cpp_pkg_interfaces:/opt/ros/humble/lib: libbuilding_control_cpp_pkg_interfaces__rosidl_generator_c.so /opt/ros/humble/lib/librosidl_typesupport_c.so /opt/ros/humble/lib/librosidl_runtime_c.so /opt/ros/humble/lib/librcutils.so -ldl -Wl,-rpath-link,/opt/ros/humble/lib 
