# Hashes of file build rules.
bb908061b0ee1ef3637256e0f436f6e5 CMakeFiles/building_control_cpp_pkg_uninstall
