{
  "package_name": "building_control_cpp_pkg_interfaces",
  "non_idl_tuples": [
    "/home/clint/Applications/Sireum/hamr/codegen/jvm/src/test/results/ros2/marker_test_building_control/results/lax/src/building_control_cpp_pkg_interfaces:msg/Float32.msg",
    "/home/clint/Applications/Sireum/hamr/codegen/jvm/src/test/results/ros2/marker_test_building_control/results/lax/src/building_control_cpp_pkg_interfaces:msg/TempUnit.msg",
    "/home/clint/Applications/Sireum/hamr/codegen/jvm/src/test/results/ros2/marker_test_building_control/results/lax/src/building_control_cpp_pkg_interfaces:msg/Temperatureimpl.msg",
    "/home/clint/Applications/Sireum/hamr/codegen/jvm/src/test/results/ros2/marker_test_building_control/results/lax/src/building_control_cpp_pkg_interfaces:msg/SetPointimpl.msg",
    "/home/clint/Applications/Sireum/hamr/codegen/jvm/src/test/results/ros2/marker_test_building_control/results/lax/src/building_control_cpp_pkg_interfaces:msg/FanAck.msg",
    "/home/clint/Applications/Sireum/hamr/codegen/jvm/src/test/results/ros2/marker_test_building_control/results/lax/src/building_control_cpp_pkg_interfaces:msg/FanCmd.msg",
    "/home/clint/Applications/Sireum/hamr/codegen/jvm/src/test/results/ros2/marker_test_building_control/results/lax/src/building_control_cpp_pkg_interfaces:msg/Empty.msg"
  ]
}
