{
  "package_name": "building_control_cpp_pkg_interfaces",
  "output_dir": "/home/clint/Applications/Sireum/hamr/codegen/jvm/src/test/results/ros2/marker_test_building_control/results/lax/build/building_control_cpp_pkg_interfaces/rosidl_generator_c/building_control_cpp_pkg_interfaces",
  "template_dir": "/opt/ros/humble/share/rosidl_generator_c/cmake/../resource",
  "idl_tuples": [
    "/home/clint/Applications/Sireum/hamr/codegen/jvm/src/test/results/ros2/marker_test_building_control/results/lax/build/building_control_cpp_pkg_interfaces/rosidl_adapter/building_control_cpp_pkg_interfaces:msg/Float32.idl",
    "/home/clint/Applications/Sireum/hamr/codegen/jvm/src/test/results/ros2/marker_test_building_control/results/lax/build/building_control_cpp_pkg_interfaces/rosidl_adapter/building_control_cpp_pkg_interfaces:msg/TempUnit.idl",
    "/home/clint/Applications/Sireum/hamr/codegen/jvm/src/test/results/ros2/marker_test_building_control/results/lax/build/building_control_cpp_pkg_interfaces/rosidl_adapter/building_control_cpp_pkg_interfaces:msg/Temperatureimpl.idl",
    "/home/clint/Applications/Sireum/hamr/codegen/jvm/src/test/results/ros2/marker_test_building_control/results/lax/build/building_control_cpp_pkg_interfaces/rosidl_adapter/building_control_cpp_pkg_interfaces:msg/SetPointimpl.idl",
    "/home/clint/Applications/Sireum/hamr/codegen/jvm/src/test/results/ros2/marker_test_building_control/results/lax/build/building_control_cpp_pkg_interfaces/rosidl_adapter/building_control_cpp_pkg_interfaces:msg/FanAck.idl",
    "/home/clint/Applications/Sireum/hamr/codegen/jvm/src/test/results/ros2/marker_test_building_control/results/lax/build/building_control_cpp_pkg_interfaces/rosidl_adapter/building_control_cpp_pkg_interfaces:msg/FanCmd.idl",
    "/home/clint/Applications/Sireum/hamr/codegen/jvm/src/test/results/ros2/marker_test_building_control/results/lax/build/building_control_cpp_pkg_interfaces/rosidl_adapter/building_control_cpp_pkg_interfaces:msg/Empty.idl"
  ],
  "target_dependencies": [
    "/opt/ros/humble/share/rosidl_generator_c/cmake/../../../lib/rosidl_generator_c/rosidl_generator_c",
    "/opt/ros/humble/share/rosidl_generator_c/cmake/../../../local/lib/python3.10/dist-packages/rosidl_generator_c/__init__.py",
    "/opt/ros/humble/share/rosidl_generator_c/cmake/../resource/action__type_support.h.em",
    "/opt/ros/humble/share/rosidl_generator_c/cmake/../resource/idl.h.em",
    "/opt/ros/humble/share/rosidl_generator_c/cmake/../resource/idl__functions.c.em",
    "/opt/ros/humble/share/rosidl_generator_c/cmake/../resource/idl__functions.h.em",
    "/opt/ros/humble/share/rosidl_generator_c/cmake/../resource/idl__struct.h.em",
    "/opt/ros/humble/share/rosidl_generator_c/cmake/../resource/idl__type_support.h.em",
    "/opt/ros/humble/share/rosidl_generator_c/cmake/../resource/msg__functions.c.em",
    "/opt/ros/humble/share/rosidl_generator_c/cmake/../resource/msg__functions.h.em",
    "/opt/ros/humble/share/rosidl_generator_c/cmake/../resource/msg__struct.h.em",
    "/opt/ros/humble/share/rosidl_generator_c/cmake/../resource/msg__type_support.h.em",
    "/opt/ros/humble/share/rosidl_generator_c/cmake/../resource/srv__type_support.h.em",
    "/home/clint/Applications/Sireum/hamr/codegen/jvm/src/test/results/ros2/marker_test_building_control/results/lax/build/building_control_cpp_pkg_interfaces/rosidl_adapter/building_control_cpp_pkg_interfaces/msg/Float32.idl",
    "/home/clint/Applications/Sireum/hamr/codegen/jvm/src/test/results/ros2/marker_test_building_control/results/lax/build/building_control_cpp_pkg_interfaces/rosidl_adapter/building_control_cpp_pkg_interfaces/msg/TempUnit.idl",
    "/home/clint/Applications/Sireum/hamr/codegen/jvm/src/test/results/ros2/marker_test_building_control/results/lax/build/building_control_cpp_pkg_interfaces/rosidl_adapter/building_control_cpp_pkg_interfaces/msg/Temperatureimpl.idl",
    "/home/clint/Applications/Sireum/hamr/codegen/jvm/src/test/results/ros2/marker_test_building_control/results/lax/build/building_control_cpp_pkg_interfaces/rosidl_adapter/building_control_cpp_pkg_interfaces/msg/SetPointimpl.idl",
    "/home/clint/Applications/Sireum/hamr/codegen/jvm/src/test/results/ros2/marker_test_building_control/results/lax/build/building_control_cpp_pkg_interfaces/rosidl_adapter/building_control_cpp_pkg_interfaces/msg/FanAck.idl",
    "/home/clint/Applications/Sireum/hamr/codegen/jvm/src/test/results/ros2/marker_test_building_control/results/lax/build/building_control_cpp_pkg_interfaces/rosidl_adapter/building_control_cpp_pkg_interfaces/msg/FanCmd.idl",
    "/home/clint/Applications/Sireum/hamr/codegen/jvm/src/test/results/ros2/marker_test_building_control/results/lax/build/building_control_cpp_pkg_interfaces/rosidl_adapter/building_control_cpp_pkg_interfaces/msg/Empty.idl"
  ]
}
