<launch>

    <node pkg="isolette_cpp_pkg" exec="isolette_single_sensor_Instance_thermostat_regulate_temperature_manage_regulator_interface_mrit_exe">
    </node>


    <node pkg="isolette_cpp_pkg" exec="isolette_single_sensor_Instance_thermostat_regulate_temperature_manage_heat_source_mhst_exe">
    </node>


    <node pkg="isolette_cpp_pkg" exec="isolette_single_sensor_Instance_thermostat_regulate_temperature_manage_regulator_mode_mrmt_exe">
    </node>


    <node pkg="isolette_cpp_pkg" exec="isolette_single_sensor_Instance_thermostat_monitor_temperature_manage_alarm_mat_exe">
    </node>


    <node pkg="isolette_cpp_pkg" exec="isolette_single_sensor_Instance_thermostat_monitor_temperature_manage_monitor_interface_mmit_exe">
    </node>


    <node pkg="isolette_cpp_pkg" exec="isolette_single_sensor_Instance_thermostat_monitor_temperature_manage_monitor_mode_mmmt_exe">
    </node>


    <node pkg="isolette_cpp_pkg" exec="isolette_single_sensor_Instance_operator_interface_oip_oit_exe">
    </node>


    <node pkg="isolette_cpp_pkg" exec="isolette_single_sensor_Instance_temperature_sensor_cpi_thermostat_exe">
    </node>


    <node pkg="isolette_cpp_pkg" exec="isolette_single_sensor_Instance_heat_source_cpi_heat_controller_exe">
    </node>

</launch>
